2026-08-20T14:03:52.080421 START ALFALAVAL (1/18)
2026-08-20T14:03:52.080549     page 1 (d1=20020321 d2=20120429)
2026-08-20T14:03:52.956187     page 2 (d1=20020321 d2=20120429)
2026-08-20T14:03:53.490373     page 3 (d1=20020321 d2=20120429)
2026-08-20T14:04:24.934052     page 4 (d1=20020321 d2=20120429)
2026-08-20T14:04:25.498923   DONE ALFALAVAL: 51 candidates, 33/40 matched
2026-08-20T14:04:25.801830 START ANDHRSUGAR (2/18)
2026-08-20T14:04:25.802288     page 1 (d1=20021221 d2=20250128)
2026-08-20T14:04:27.066103     page 2 (d1=20021221 d2=20250128)
2026-08-20T14:04:27.300821   DONE ANDHRSUGAR: 23 candidates, 13/35 matched
2026-08-20T14:04:27.604365 START ASSAMCO (3/18)
2026-08-20T14:04:27.604931     page 1 (d1=20190620 d2=20191028)
2026-08-20T14:04:30.064570   DONE ASSAMCO: 2 candidates, 1/1 matched
2026-08-20T14:04:30.368074 START CANFINHOME (4/18)
2026-08-20T14:04:30.368690     page 1 (d1=20011221 d2=20150430)
2026-08-20T14:04:33.105704     page 2 (d1=20011221 d2=20150430)
2026-08-20T14:04:33.610272     page 3 (d1=20011221 d2=20150430)
2026-08-20T14:04:34.195344     page 4 (d1=20011221 d2=20150430)
2026-08-20T14:04:34.564659     page 5 (d1=20011221 d2=20150430)
2026-08-20T14:04:35.143939     page 6 (d1=20011221 d2=20150430)
2026-08-20T14:04:35.549949     page 7 (d1=20011221 d2=20150430)
2026-08-20T14:04:35.819521   DONE CANFINHOME: 34 candidates, 26/50 matched
2026-08-20T14:04:36.122912 START DAVANGERE (5/18)
2026-08-20T14:04:36.123437     page 1 (d1=20250620 d2=20251028)
2026-08-20T14:04:36.297075   DONE DAVANGERE: 4 candidates, 1/1 matched
2026-08-20T14:04:36.298214 CHECKPOINT done=5/18 rate=0.11/s eta_min=1.9
2026-08-20T14:04:36.602450 START DHANI (6/18)
2026-08-20T14:04:36.602626     page 1 (d1=20090620 d2=20250128)
2026-08-20T14:04:37.066315     page 2 (d1=20090620 d2=20250128)
2026-08-20T14:04:38.553860     page 3 (d1=20090620 d2=20250128)
2026-08-20T14:04:42.049588     page 4 (d1=20090620 d2=20250128)
2026-08-20T14:04:42.929380     page 5 (d1=20090620 d2=20250128)
2026-08-20T14:04:43.393536     page 6 (d1=20090620 d2=20250128)
2026-08-20T14:04:46.419246     page 7 (d1=20090620 d2=20250128)
2026-08-20T14:04:46.938614     page 8 (d1=20090620 d2=20250128)
2026-08-20T14:04:49.020705     page 9 (d1=20090620 d2=20250128)
2026-08-20T14:04:50.630524     page 10 (d1=20090620 d2=20250128)
2026-08-20T14:04:51.305018     page 11 (d1=20090620 d2=20250128)
2026-08-20T14:04:53.648837     page 12 (d1=20090620 d2=20250128)
2026-08-20T14:04:54.363689     page 13 (d1=20090620 d2=20250128)
2026-08-20T14:04:55.120760     page 14 (d1=20090620 d2=20250128)
2026-08-20T14:04:55.733562     page 15 (d1=20090620 d2=20250128)
2026-08-20T14:04:58.622797     page 16 (d1=20090620 d2=20250128)
2026-08-20T14:04:59.575567     page 17 (d1=20090620 d2=20250128)
2026-08-20T14:05:00.388720     page 18 (d1=20090620 d2=20250128)
2026-08-20T14:05:01.186830     page 19 (d1=20090620 d2=20250128)
2026-08-20T14:05:02.288877     page 20 (d1=20090620 d2=20250128)
2026-08-20T14:05:03.087756     page 21 (d1=20090620 d2=20250128)
2026-08-20T14:05:03.739787     page 22 (d1=20090620 d2=20250128)
2026-08-20T14:05:04.332120     page 23 (d1=20090620 d2=20250128)
2026-08-20T14:05:05.044734   DONE DHANI: 103 candidates, 35/37 matched
2026-08-20T14:05:05.350096 START FCSSOFT (7/18)
2026-08-20T14:05:05.350393     page 1 (d1=20190620 d2=20250430)
2026-08-20T14:05:07.210878     page 2 (d1=20190620 d2=20250430)
2026-08-20T14:05:07.853150     page 3 (d1=20190620 d2=20250430)
2026-08-20T14:05:10.479254     page 4 (d1=20190620 d2=20250430)
2026-08-20T14:05:12.178201     page 5 (d1=20190620 d2=20250430)
2026-08-20T14:05:12.630467     page 6 (d1=20190620 d2=20250430)
2026-08-20T14:05:13.228757     page 7 (d1=20190620 d2=20250430)
2026-08-20T14:05:13.512019     page 8 (d1=20190620 d2=20250430)
2026-08-20T14:05:13.873286   DONE FCSSOFT: 31 candidates, 1/10 matched
2026-08-20T14:05:14.178704 START GEOJITFSL (8/18)
2026-08-20T14:05:14.179038     page 1 (d1=20081221 d2=20210729)
2026-08-20T14:05:16.199930     page 2 (d1=20081221 d2=20210729)
2026-08-20T14:05:17.552115     page 3 (d1=20081221 d2=20210729)
2026-08-20T14:05:20.045806     page 4 (d1=20081221 d2=20210729)
2026-08-20T14:05:20.578540     page 5 (d1=20081221 d2=20210729)
2026-08-20T14:05:20.995908     page 6 (d1=20081221 d2=20210729)
2026-08-20T14:05:21.318081     page 7 (d1=20081221 d2=20210729)
2026-08-20T14:05:22.700867     page 8 (d1=20081221 d2=20210729)
2026-08-20T14:05:23.403149     page 9 (d1=20081221 d2=20210729)
2026-08-20T14:05:23.785672     page 10 (d1=20081221 d2=20210729)
2026-08-20T14:05:24.144940     page 11 (d1=20081221 d2=20210729)
2026-08-20T14:05:26.535252     page 12 (d1=20081221 d2=20210729)
2026-08-20T14:05:28.065435     page 13 (d1=20081221 d2=20210729)
2026-08-20T14:05:29.215279     page 14 (d1=20081221 d2=20210729)
2026-08-20T14:05:29.906373     page 15 (d1=20081221 d2=20210729)
2026-08-20T14:05:31.818944   DONE GEOJITFSL: 148 candidates, 35/36 matched
2026-08-20T14:05:32.123409 START HEROMOTOCO (9/18)
2026-08-20T14:05:32.123732     page 1 (d1=20011221 d2=20201028)
2026-08-20T14:05:33.727943     page 2 (d1=20011221 d2=20201028)
2026-08-20T14:05:35.198723     page 3 (d1=20011221 d2=20201028)
2026-08-20T14:05:35.659612     page 4 (d1=20011221 d2=20201028)
2026-08-20T14:05:36.209343     page 5 (d1=20011221 d2=20201028)
2026-08-20T14:05:36.734381     page 6 (d1=20011221 d2=20201028)
2026-08-20T14:05:37.410989     page 7 (d1=20011221 d2=20201028)
2026-08-20T14:05:38.026648     page 8 (d1=20011221 d2=20201028)
2026-08-20T14:05:39.555557     page 9 (d1=20011221 d2=20201028)
2026-08-20T14:05:40.062864     page 10 (d1=20011221 d2=20201028)
2026-08-20T14:05:40.534826     page 11 (d1=20011221 d2=20201028)
2026-08-20T14:05:42.136489     page 12 (d1=20011221 d2=20201028)
2026-08-20T14:05:43.408751     page 13 (d1=20011221 d2=20201028)
2026-08-20T14:05:44.555613     page 14 (d1=20011221 d2=20201028)
2026-08-20T14:05:46.315323     page 15 (d1=20011221 d2=20201028)
2026-08-20T14:05:47.801232     page 16 (d1=20011221 d2=20201028)
2026-08-20T14:05:48.522982     page 17 (d1=20011221 d2=20201028)
2026-08-20T14:05:48.890128     page 18 (d1=20011221 d2=20201028)
2026-08-20T14:05:49.491510     page 19 (d1=20011221 d2=20201028)
2026-08-20T14:05:50.261748     page 20 (d1=20011221 d2=20201028)
2026-08-20T14:05:51.845519     page 21 (d1=20011221 d2=20201028)
2026-08-20T14:05:52.316769   DONE HEROMOTOCO: 117 candidates, 54/55 matched
2026-08-20T14:05:52.622064 START INDIACEM (10/18)
2026-08-20T14:05:52.622243     page 1 (d1=20021221 d2=20150430)
2026-08-20T14:06:24.620416     page 2 (d1=20021221 d2=20150430)
2026-08-20T14:06:26.394062     page 3 (d1=20021221 d2=20150430)
2026-08-20T14:06:26.724337     page 4 (d1=20021221 d2=20150430)
2026-08-20T14:06:26.969404     page 5 (d1=20021221 d2=20150430)
2026-08-20T14:06:27.355742     page 6 (d1=20021221 d2=20150430)
2026-08-20T14:06:27.799952     page 7 (d1=20021221 d2=20150430)
2026-08-20T14:06:28.114636     page 8 (d1=20021221 d2=20150430)
2026-08-20T14:06:28.386915   DONE INDIACEM: 73 candidates, 46/47 matched
2026-08-20T14:06:28.390319 CHECKPOINT done=10/18 rate=0.06/s eta_min=2.1
2026-08-20T14:06:28.694101 START INGERRAND (11/18)
2026-08-20T14:06:28.694350     page 1 (d1=20021221 d2=20260820)
2026-08-20T14:06:29.076806     page 2 (d1=20021221 d2=20260820)
2026-08-20T14:06:29.610348     page 3 (d1=20021221 d2=20260820)
2026-08-20T14:06:30.055092     page 4 (d1=20021221 d2=20260820)
2026-08-20T14:06:32.483345     page 5 (d1=20021221 d2=20260820)
2026-08-20T14:06:35.236163     page 6 (d1=20021221 d2=20260820)
2026-08-20T14:06:37.930115     page 7 (d1=20021221 d2=20260820)
2026-08-20T14:06:38.536599     page 8 (d1=20021221 d2=20260820)
2026-08-20T14:06:38.947283     page 9 (d1=20021221 d2=20260820)
2026-08-20T14:06:40.494965     page 10 (d1=20021221 d2=20260820)
2026-08-20T14:06:41.694699     page 11 (d1=20021221 d2=20260820)
2026-08-20T14:06:42.496750     page 12 (d1=20021221 d2=20260820)
2026-08-20T14:06:45.015423     page 13 (d1=20021221 d2=20260820)
2026-08-20T14:06:45.378148     page 14 (d1=20021221 d2=20260820)
2026-08-20T14:06:45.957498     page 15 (d1=20021221 d2=20260820)
2026-08-20T14:06:49.239806     page 16 (d1=20021221 d2=20260820)
2026-08-20T14:06:50.007630   DONE INGERRAND: 136 candidates, 55/60 matched
2026-08-20T14:06:50.309207 START JKIL (12/18)
2026-08-20T14:06:50.309350     page 1 (d1=20130920 d2=20200128)
2026-08-20T14:06:52.190544     page 2 (d1=20130920 d2=20200128)
2026-08-20T14:06:52.509213     page 3 (d1=20130920 d2=20200128)
2026-08-20T14:06:54.236923     page 4 (d1=20130920 d2=20200128)
2026-08-20T14:06:57.167916     page 5 (d1=20130920 d2=20200128)
2026-08-20T14:06:57.463378     page 6 (d1=20130920 d2=20200128)
2026-08-20T14:06:57.785060     page 7 (d1=20130920 d2=20200128)
2026-08-20T14:06:58.513186   DONE JKIL: 47 candidates, 8/9 matched
2026-08-20T14:06:58.814627 START LICHSGFIN (13/18)
2026-08-20T14:06:58.815268     page 1 (d1=20021221 d2=20250729)
2026-08-20T14:07:01.072376     page 2 (d1=20021221 d2=20250729)
2026-08-20T14:07:01.985810     page 3 (d1=20021221 d2=20250729)
2026-08-20T14:07:03.541796     page 4 (d1=20021221 d2=20250729)
2026-08-20T14:07:05.473799     page 5 (d1=20021221 d2=20250729)
2026-08-20T14:07:08.296793     page 6 (d1=20021221 d2=20250729)
2026-08-20T14:07:08.876707     page 7 (d1=20021221 d2=20250729)
2026-08-20T14:07:09.355844     page 8 (d1=20021221 d2=20250729)
2026-08-20T14:07:12.282159     page 9 (d1=20021221 d2=20250729)
2026-08-20T14:07:44.032287     page 10 (d1=20021221 d2=20250729)
2026-08-20T14:07:44.589993     page 11 (d1=20021221 d2=20250729)
2026-08-20T14:07:45.207553     page 12 (d1=20021221 d2=20250729)
2026-08-20T14:07:47.485729     page 13 (d1=20021221 d2=20250729)
2026-08-20T14:07:47.972645     page 14 (d1=20021221 d2=20250729)
2026-08-20T14:07:48.372028     page 15 (d1=20021221 d2=20250729)
2026-08-20T14:07:50.304863     page 16 (d1=20021221 d2=20250729)
2026-08-20T14:07:51.300351     page 17 (d1=20021221 d2=20250729)
2026-08-20T14:07:51.749557     page 18 (d1=20021221 d2=20250729)
2026-08-20T14:07:52.278166     page 19 (d1=20021221 d2=20250729)
2026-08-20T14:07:52.812812     page 20 (d1=20021221 d2=20250729)
2026-08-20T14:07:56.645466     page 21 (d1=20021221 d2=20250729)
2026-08-20T14:07:57.132935     page 22 (d1=20021221 d2=20250729)
2026-08-20T14:07:57.917244   DONE LICHSGFIN: 150 candidates, 49/49 matched
2026-08-20T14:07:58.222639 START MUNJALSHOW (14/18)
2026-08-20T14:07:58.222915     page 1 (d1=20050321 d2=20260128)
2026-08-20T14:08:00.697749     page 2 (d1=20050321 d2=20260128)
2026-08-20T14:08:03.466460     page 3 (d1=20050321 d2=20260128)
2026-08-20T14:08:03.940051     page 4 (d1=20050321 d2=20260128)
2026-08-20T14:08:04.523282     page 5 (d1=20050321 d2=20260128)
2026-08-20T14:08:06.960058     page 6 (d1=20050321 d2=20260128)
2026-08-20T14:08:09.095625     page 7 (d1=20050321 d2=20260128)
2026-08-20T14:08:11.982311     page 8 (d1=20050321 d2=20260128)
2026-08-20T14:08:13.082859     page 9 (d1=20050321 d2=20260128)
2026-08-20T14:08:14.089140     page 10 (d1=20050321 d2=20260128)
2026-08-20T14:08:14.606049     page 11 (d1=20050321 d2=20260128)
2026-08-20T14:08:18.068248     page 12 (d1=20050321 d2=20260128)
2026-08-20T14:08:20.207130     page 13 (d1=20050321 d2=20260128)
2026-08-20T14:08:21.504921     page 14 (d1=20050321 d2=20260128)
2026-08-20T14:08:23.938042     page 15 (d1=20050321 d2=20260128)
2026-08-20T14:08:27.762132   DONE MUNJALSHOW: 121 candidates, 16/28 matched
2026-08-20T14:08:28.067541 START RAJTV (15/18)
2026-08-20T14:08:28.067797     page 1 (d1=20140321 d2=20250430)
2026-08-20T14:08:28.612586     page 2 (d1=20140321 d2=20250430)
2026-08-20T14:08:30.243805     page 3 (d1=20140321 d2=20250430)
2026-08-20T14:08:33.132297     page 4 (d1=20140321 d2=20250430)
2026-08-20T14:08:33.605876     page 5 (d1=20140321 d2=20250430)
2026-08-20T14:08:35.360519     page 6 (d1=20140321 d2=20250430)
2026-08-20T14:08:36.916320     page 7 (d1=20140321 d2=20250430)
2026-08-20T14:08:38.594818     page 8 (d1=20140321 d2=20250430)
2026-08-20T14:08:40.485155     page 9 (d1=20140321 d2=20250430)
2026-08-20T14:08:41.499973     page 10 (d1=20140321 d2=20250430)
2026-08-20T14:08:41.932634     page 11 (d1=20140321 d2=20250430)
2026-08-20T14:08:42.438013     page 12 (d1=20140321 d2=20250430)
2026-08-20T14:08:51.468773     page 13 (d1=20140321 d2=20250430)
2026-08-20T14:08:54.996601   DONE RAJTV: 102 candidates, 7/8 matched
2026-08-20T14:08:54.998595 CHECKPOINT done=15/18 rate=0.05/s eta_min=1.0
2026-08-20T14:08:55.300958 START SAVERA (16/18)
2026-08-20T14:08:55.301484     page 1 (d1=20171221 d2=20181028)
2026-08-20T14:08:55.845881   DONE SAVERA: 7 candidates, 4/4 matched
2026-08-20T14:08:56.151259 START TMPV (17/18)
2026-08-20T14:08:56.151518     page 1 (d1=20021221 d2=20260820)
2026-08-20T14:08:57.394747     page 2 (d1=20021221 d2=20260820)
2026-08-20T14:09:01.330695     page 3 (d1=20021221 d2=20260820)
2026-08-20T14:09:03.096193     page 4 (d1=20021221 d2=20260820)
2026-08-20T14:09:04.813542     page 5 (d1=20021221 d2=20260820)
2026-08-20T14:09:06.308636     page 6 (d1=20021221 d2=20260820)
2026-08-20T14:09:08.500967     page 7 (d1=20021221 d2=20260820)
2026-08-20T14:09:12.915394     page 8 (d1=20021221 d2=20260820)
2026-08-20T14:09:16.569399     page 9 (d1=20021221 d2=20260820)
2026-08-20T14:09:21.673866     page 10 (d1=20021221 d2=20260820)
2026-08-20T14:09:24.919182     page 11 (d1=20021221 d2=20260820)
2026-08-20T14:09:26.122864     page 12 (d1=20021221 d2=20260820)
2026-08-20T14:09:30.204961     page 13 (d1=20021221 d2=20260820)
2026-08-20T14:09:33.033944     page 14 (d1=20021221 d2=20260820)
2026-08-20T14:09:34.914032     page 15 (d1=20021221 d2=20260820)
2026-08-20T14:09:36.515177     page 16 (d1=20021221 d2=20260820)
2026-08-20T14:09:42.124913     page 17 (d1=20021221 d2=20260820)
2026-08-20T14:09:44.195727     page 18 (d1=20021221 d2=20260820)
2026-08-20T14:09:45.697247     page 19 (d1=20021221 d2=20260820)
2026-08-20T14:09:47.248125     page 20 (d1=20021221 d2=20260820)
2026-08-20T14:09:53.170675     page 21 (d1=20021221 d2=20260820)
2026-08-20T14:09:56.055226     page 22 (d1=20021221 d2=20260820)
2026-08-20T14:10:01.591041     page 23 (d1=20021221 d2=20260820)
2026-08-20T14:10:02.932064     page 24 (d1=20021221 d2=20260820)
2026-08-20T14:10:09.841201     page 25 (d1=20021221 d2=20260820)
2026-08-20T14:10:13.830034     page 26 (d1=20021221 d2=20260820)
2026-08-20T14:10:16.914113     page 27 (d1=20021221 d2=20260820)
2026-08-20T14:10:17.999473     page 28 (d1=20021221 d2=20260820)
2026-08-20T14:10:19.079657     page 29 (d1=20021221 d2=20260820)
2026-08-20T14:10:20.401847     page 30 (d1=20021221 d2=20260820)
2026-08-20T14:10:21.973671     page 31 (d1=20021221 d2=20260820)
2026-08-20T14:10:25.669943     page 32 (d1=20021221 d2=20260820)
2026-08-20T14:10:27.206762     page 33 (d1=20021221 d2=20260820)
2026-08-20T14:10:30.871110     page 34 (d1=20021221 d2=20260820)
2026-08-20T14:10:33.780768     page 35 (d1=20021221 d2=20260820)
2026-08-20T14:10:35.191317     page 36 (d1=20021221 d2=20260820)
2026-08-20T14:10:36.146176     page 37 (d1=20021221 d2=20260820)
2026-08-20T14:10:37.618423     page 38 (d1=20021221 d2=20260820)
2026-08-20T14:10:41.636990     page 39 (d1=20021221 d2=20260820)
2026-08-20T14:10:43.571374     page 40 (d1=20021221 d2=20260820)
2026-08-20T14:10:47.852239     page 41 (d1=20021221 d2=20260820)
2026-08-20T14:10:51.369962     page 42 (d1=20021221 d2=20260820)
2026-08-20T14:10:52.966780     page 43 (d1=20021221 d2=20260820)
2026-08-20T14:10:55.793978     page 44 (d1=20021221 d2=20260820)
2026-08-20T14:10:57.318893     page 45 (d1=20021221 d2=20260820)
2026-08-20T14:10:59.609740     page 46 (d1=20021221 d2=20260820)
2026-08-20T14:11:01.119805     page 47 (d1=20021221 d2=20260820)
2026-08-20T14:11:02.138195     page 48 (d1=20021221 d2=20260820)
2026-08-20T14:11:04.099646     page 49 (d1=20021221 d2=20260820)
2026-08-20T14:11:05.187056     page 50 (d1=20021221 d2=20260820)
2026-08-20T14:11:08.772180     page 51 (d1=20021221 d2=20260820)
2026-08-20T14:11:09.785655     page 52 (d1=20021221 d2=20260820)
2026-08-20T14:11:13.436619     page 53 (d1=20021221 d2=20260820)
2026-08-20T14:11:17.350236     page 54 (d1=20021221 d2=20260820)
2026-08-20T14:11:18.680754     page 55 (d1=20021221 d2=20260820)
2026-08-20T14:11:22.304245     page 56 (d1=20021221 d2=20260820)
2026-08-20T14:11:28.519656     page 57 (d1=20021221 d2=20260820)
2026-08-20T14:11:32.318392     page 58 (d1=20021221 d2=20260820)
2026-08-20T14:11:33.856120     page 59 (d1=20021221 d2=20260820)
2026-08-20T14:11:34.860163     page 60 (d1=20021221 d2=20260820)
2026-08-20T14:12:09.094776     page 61 (d1=20021221 d2=20260820)
2026-08-20T14:12:12.940046     page 62 (d1=20021221 d2=20260820)
2026-08-20T14:12:14.804183     page 63 (d1=20021221 d2=20260820)
2026-08-20T14:12:17.215680     page 64 (d1=20021221 d2=20260820)
2026-08-20T14:12:18.777913     page 65 (d1=20021221 d2=20260820)
2026-08-20T14:12:21.848975     page 66 (d1=20021221 d2=20260820)
2026-08-20T14:12:24.699129   DONE TMPV: 237 candidates, 57/57 matched
2026-08-20T14:12:25.000256 START VENKEYS (18/18)
2026-08-20T14:12:25.000697     page 1 (d1=20050321 d2=20180430)
2026-08-20T14:12:25.751082     page 2 (d1=20050321 d2=20180430)
2026-08-20T14:12:26.337366     page 3 (d1=20050321 d2=20180430)
2026-08-20T14:12:26.681442     page 4 (d1=20050321 d2=20180430)
2026-08-20T14:12:57.096939     page 5 (d1=20050321 d2=20180430)
2026-08-20T14:12:58.281302     page 6 (d1=20050321 d2=20180430)
2026-08-20T14:12:58.921083     page 7 (d1=20050321 d2=20180430)
2026-08-20T14:12:59.310525     page 8 (d1=20050321 d2=20180430)
2026-08-20T14:13:00.094453     page 9 (d1=20050321 d2=20180430)
2026-08-20T14:13:00.655792   DONE VENKEYS: 55 candidates, 27/41 matched
2026-08-20T14:13:00.658573 CHECKPOINT done=18/18 rate=0.03/s eta_min=0.0
2026-08-20T14:13:00.965457 COMPLETE done=18
