2026-08-20T12:41:01.894896 START ARVEE (1/9)
2026-08-20T12:41:02.200148 START CANTABIL (2/9)
2026-08-20T12:41:02.200330     page 1 (d1=20191221 d2=20250729)
2026-08-20T12:41:02.310457     page 2 (d1=20191221 d2=20250729)
2026-08-20T12:41:02.383405     page 3 (d1=20191221 d2=20250729)
2026-08-20T12:41:32.423299     retry 1/3 after TimeoutError: The read operation timed out
2026-08-20T12:41:36.490624     page 4 (d1=20191221 d2=20250729)
2026-08-20T12:42:06.525321     retry 1/3 after TimeoutError: The read operation timed out
2026-08-20T12:42:21.832246     page 5 (d1=20191221 d2=20250729)
2026-08-20T12:42:25.876913     page 6 (d1=20191221 d2=20250729)
2026-08-20T12:42:32.705966     page 7 (d1=20191221 d2=20250729)
2026-08-20T12:42:38.884597     page 8 (d1=20191221 d2=20250729)
2026-08-20T12:42:41.660301     page 9 (d1=20191221 d2=20250729)
2026-08-20T12:42:43.552313     page 10 (d1=20191221 d2=20250729)
2026-08-20T12:42:45.046839   DONE CANTABIL: 35 candidates, 1/4 matched
2026-08-20T12:42:45.352260 START ESSAROIL (3/9)
2026-08-20T12:42:45.352963     page 1 (d1=20021221 d2=20141028)
2026-08-20T12:42:48.781837     page 2 (d1=20021221 d2=20141028)
2026-08-20T12:43:01.795271     page 3 (d1=20021221 d2=20141028)
2026-08-20T12:43:15.218271     page 4 (d1=20021221 d2=20141028)
2026-08-20T12:43:19.518841     page 5 (d1=20021221 d2=20141028)
2026-08-20T12:43:49.545867     retry 1/3 after TimeoutError: The read operation timed out
2026-08-20T12:44:05.807443     page 6 (d1=20021221 d2=20141028)
2026-08-20T12:44:15.068220     page 7 (d1=20021221 d2=20141028)
2026-08-20T12:44:32.334853     page 8 (d1=20021221 d2=20141028)
2026-08-20T12:45:02.364568     retry 1/3 after TimeoutError: The read operation timed out
2026-08-20T12:45:36.403994     retry 2/3 after TimeoutError: The read operation timed out
2026-08-20T12:45:52.208261     page 9 (d1=20021221 d2=20141028)
2026-08-20T12:46:06.746399   DONE ESSAROIL: 58 candidates, 26/45 matched
2026-08-20T12:46:07.056898 START GITANJALI (4/9)
2026-08-20T12:46:07.057429     page 1 (d1=20060920 d2=20180128)
2026-08-20T12:46:17.847107     page 2 (d1=20060920 d2=20180128)
2026-08-20T12:46:24.261874     page 3 (d1=20060920 d2=20180128)
2026-08-20T12:46:29.799265     page 4 (d1=20060920 d2=20180128)
2026-08-20T12:46:35.365524     page 5 (d1=20060920 d2=20180128)
2026-08-20T12:46:53.635044     page 6 (d1=20060920 d2=20180128)
2026-08-20T12:47:15.258093     page 7 (d1=20060920 d2=20180128)
2026-08-20T12:47:45.289573     retry 1/3 after TimeoutError: The read operation timed out
2026-08-20T12:48:00.386521     page 8 (d1=20060920 d2=20180128)
2026-08-20T12:48:30.413795     retry 1/3 after TimeoutError: The read operation timed out
2026-08-20T12:48:56.515155     page 9 (d1=20060920 d2=20180128)
2026-08-20T12:49:26.547968     retry 1/3 after TimeoutError: The read operation timed out
2026-08-20T12:50:00.591767     retry 2/3 after TimeoutError: The read operation timed out
