2026-08-20T12:40:57.896751 START ALOKTEXT (1/9)
2026-08-20T12:40:58.197469 START AUSTRAL (2/9)
2026-08-20T12:40:58.197882     page 1 (d1=20190920 d2=20200128)
2026-08-20T12:40:58.317581   DONE AUSTRAL: 0 candidates, 0/1 matched
2026-08-20T12:40:58.622369 START DELPHIFX (3/9)
2026-08-20T12:40:58.622792     page 1 (d1=20190620 d2=20241028)
2026-08-20T12:40:58.684140     page 2 (d1=20190620 d2=20241028)
2026-08-20T12:40:58.747760     page 3 (d1=20190620 d2=20241028)
2026-08-20T12:40:58.861830     page 4 (d1=20190620 d2=20241028)
2026-08-20T12:40:58.992891     page 5 (d1=20190620 d2=20241028)
2026-08-20T12:40:59.065174     page 6 (d1=20190620 d2=20241028)
2026-08-20T12:40:59.153663     page 7 (d1=20190620 d2=20241028)
2026-08-20T12:40:59.225303     page 8 (d1=20190620 d2=20241028)
2026-08-20T12:41:18.814880   DONE DELPHIFX: 37 candidates, 2/4 matched
2026-08-20T12:41:19.116288 START GCSL (4/9)
2026-08-20T12:41:19.116836     page 1 (d1=20250920 d2=20260128)
2026-08-20T12:41:49.154690     retry 1/3 after TimeoutError: The read operation timed out
2026-08-20T12:42:23.195030     retry 2/3 after TimeoutError: The read operation timed out
2026-08-20T12:42:31.287312     page 2 (d1=20250920 d2=20260128)
2026-08-20T12:42:33.195398   DONE GCSL: 11 candidates, 2/2 matched
2026-08-20T12:42:33.500877 START HINDUNILVR (5/9)
2026-08-20T12:42:33.501268     page 1 (d1=20021221 d2=20150430)
2026-08-20T12:42:38.044756     page 2 (d1=20021221 d2=20150430)
2026-08-20T12:42:38.942432     page 3 (d1=20021221 d2=20150430)
2026-08-20T12:42:39.692566     page 4 (d1=20021221 d2=20150430)
2026-08-20T12:42:43.423042     page 5 (d1=20021221 d2=20150430)
2026-08-20T12:42:46.746833     page 6 (d1=20021221 d2=20150430)
2026-08-20T12:42:48.235238     page 7 (d1=20021221 d2=20150430)
2026-08-20T12:43:18.268777     retry 1/3 after TimeoutError: The read operation timed out
2026-08-20T12:43:52.308948     retry 2/3 after TimeoutError: The read operation timed out
2026-08-20T12:44:00.370505     page 8 (d1=20021221 d2=20150430)
2026-08-20T12:44:00.753661     page 9 (d1=20021221 d2=20150430)
2026-08-20T12:44:01.127994     page 10 (d1=20021221 d2=20150430)
2026-08-20T12:44:01.429027   DONE HINDUNILVR: 80 candidates, 49/49 matched
2026-08-20T12:44:01.429926 CHECKPOINT done=5/9 rate=0.03/s eta_min=2.4
2026-08-20T12:44:01.731705 START JETAIRWAYS (6/9)
2026-08-20T12:44:01.732299     page 1 (d1=20051221 d2=20180430)
2026-08-20T12:44:10.585858     page 2 (d1=20051221 d2=20180430)
2026-08-20T12:44:10.919964     page 3 (d1=20051221 d2=20180430)
2026-08-20T12:44:12.454327     page 4 (d1=20051221 d2=20180430)
2026-08-20T12:44:24.009715     page 5 (d1=20051221 d2=20180430)
2026-08-20T12:44:24.316413     page 6 (d1=20051221 d2=20180430)
2026-08-20T12:44:24.912366     page 7 (d1=20051221 d2=20180430)
2026-08-20T12:44:25.239069     page 8 (d1=20051221 d2=20180430)
2026-08-20T12:44:55.269969     retry 1/3 after TimeoutError: The read operation timed out
2026-08-20T12:45:27.730177     page 9 (d1=20051221 d2=20180430)
2026-08-20T12:45:57.768378     retry 1/3 after TimeoutError: The read operation timed out
2026-08-20T12:46:04.639253     retry 2/3 after HTTPError: HTTP Error 503: Service Unavailable
2026-08-20T12:46:15.966703     page 10 (d1=20051221 d2=20180430)
2026-08-20T12:46:36.041881     page 11 (d1=20051221 d2=20180430)
2026-08-20T12:47:02.665731     page 12 (d1=20051221 d2=20180430)
2026-08-20T12:47:31.590208     page 13 (d1=20051221 d2=20180430)
2026-08-20T12:47:40.846438   DONE JETAIRWAYS: 114 candidates, 38/38 matched
2026-08-20T12:47:41.149415 START MARICO (7/9)
2026-08-20T12:47:41.149627     page 1 (d1=20050321 d2=20260128)
2026-08-20T12:48:11.178024     retry 1/3 after TimeoutError: The read operation timed out
2026-08-20T12:48:45.223789     retry 2/3 after TimeoutError: The read operation timed out
2026-08-20T12:49:07.167345     page 2 (d1=20050321 d2=20260128)
2026-08-20T12:49:28.131192     page 3 (d1=20050321 d2=20260128)
2026-08-20T12:49:47.880015     page 4 (d1=20050321 d2=20260128)
2026-08-20T12:50:17.910810     retry 1/3 after TimeoutError: The read operation timed out
