2026-08-20T12:40:59.905108 START ANDHRSUGAR (1/9)
2026-08-20T12:40:59.905260     page 1 (d1=20021221 d2=20250128)
2026-08-20T12:41:00.011120     page 2 (d1=20021221 d2=20250128)
2026-08-20T12:41:00.062304   DONE ANDHRSUGAR: 23 candidates, 12/35 matched
2026-08-20T12:41:00.367644 START CANFINHOME (2/9)
2026-08-20T12:41:00.367967     page 1 (d1=20011221 d2=20150430)
2026-08-20T12:41:00.439313     page 2 (d1=20011221 d2=20150430)
2026-08-20T12:41:00.505893     page 3 (d1=20011221 d2=20150430)
2026-08-20T12:41:10.589943     page 4 (d1=20011221 d2=20150430)
2026-08-20T12:41:40.625031     retry 1/3 after TimeoutError: The read operation timed out
2026-08-20T12:42:14.671820     retry 2/3 after TimeoutError: The read operation timed out
2026-08-20T12:42:22.765903     page 5 (d1=20011221 d2=20150430)
2026-08-20T12:42:27.370757     page 6 (d1=20011221 d2=20150430)
2026-08-20T12:42:48.254069     page 7 (d1=20011221 d2=20150430)
2026-08-20T12:42:55.607914   DONE CANFINHOME: 34 candidates, 26/50 matched
2026-08-20T12:42:55.910253 START DHANI (3/9)
2026-08-20T12:42:55.910838     page 1 (d1=20090620 d2=20250128)
2026-08-20T12:43:00.861837     page 2 (d1=20090620 d2=20250128)
2026-08-20T12:43:10.473639     page 3 (d1=20090620 d2=20250128)
2026-08-20T12:43:40.517224     retry 1/3 after TimeoutError: The read operation timed out
2026-08-20T12:43:54.138327     page 4 (d1=20090620 d2=20250128)
2026-08-20T12:43:55.611891     page 5 (d1=20090620 d2=20250128)
2026-08-20T12:43:56.076979     page 6 (d1=20090620 d2=20250128)
2026-08-20T12:44:26.116448     retry 1/3 after TimeoutError: The read operation timed out
2026-08-20T12:44:30.636443     page 7 (d1=20090620 d2=20250128)
2026-08-20T12:44:38.148088     page 8 (d1=20090620 d2=20250128)
2026-08-20T12:44:50.008143     page 9 (d1=20090620 d2=20250128)
2026-08-20T12:45:12.265519     page 10 (d1=20090620 d2=20250128)
2026-08-20T12:45:42.297762     retry 1/3 after TimeoutError: The read operation timed out
2026-08-20T12:45:55.367925     page 11 (d1=20090620 d2=20250128)
2026-08-20T12:46:09.569470     page 12 (d1=20090620 d2=20250128)
2026-08-20T12:46:32.082044     page 13 (d1=20090620 d2=20250128)
2026-08-20T12:46:41.354930     page 14 (d1=20090620 d2=20250128)
2026-08-20T12:47:11.387222     retry 1/3 after TimeoutError: The read operation timed out
2026-08-20T12:47:15.478119     page 15 (d1=20090620 d2=20250128)
2026-08-20T12:47:45.508808     retry 1/3 after TimeoutError: The read operation timed out
2026-08-20T12:48:19.545909     retry 2/3 after TimeoutError: The read operation timed out
2026-08-20T12:48:51.636649     page 16 (d1=20090620 d2=20250128)
2026-08-20T12:49:21.680420     retry 1/3 after TimeoutError: The read operation timed out
2026-08-20T12:49:55.734285     retry 2/3 after TimeoutError: The read operation timed out
2026-08-20T12:50:03.798339     page 17 (d1=20090620 d2=20250128)
2026-08-20T12:50:33.827876     retry 1/3 after TimeoutError: The read operation timed out
